cargadas 333 corridas | Y(333, 48, 2, 3, 81) | 81 offsets, 3 planos z
86 residuos (azul+verde, sin censura ni outlier)
modelo a nivel de punto: 43 puntos (azul+verde con posicion comun)

 sigma_xy sigma_tilt   R2fix   R2pos  R2xval    RMSE      logZ
      0.3        0.0   0.376   0.929   0.316   0.163    -127.0
      0.3       10.0   0.376   0.924   0.320   0.168    -124.6
      0.3       20.0   0.376   0.905   0.514   0.188    -118.8
      0.3       30.0   0.376   0.758   0.525   0.300    -101.2
      0.5        0.0   0.376   0.965   0.425   0.114     -99.2
      0.5       10.0   0.376   0.962   0.431   0.119     -98.4
      0.5       20.0   0.376   0.953   0.525   0.132     -95.8
      0.5       30.0   0.376   0.818   0.574   0.260     -87.5
      1.0        0.0   0.376   0.988   0.567   0.068     -74.2
      1.0       10.0   0.376   0.986   0.609   0.072     -74.3
      1.0       20.0   0.376   0.953   0.667   0.132     -72.9
      1.0       30.0   0.376   0.909   0.641   0.184     -70.4
      1.5        0.0   0.376   0.983   0.725   0.080     -67.9
      1.5       10.0   0.376   0.977   0.714   0.092     -67.7
      1.5       20.0   0.376   0.951   0.710   0.135     -66.0
      1.5       30.0   0.376   0.927   0.664   0.165     -64.8
      2.0        0.0   0.376   0.977   0.735   0.092     -65.4
      2.0       10.0   0.376   0.973   0.715   0.100     -65.1
      2.0       20.0   0.376   0.952   0.725   0.133     -63.8
      2.0       30.0   0.376   0.930   0.684   0.162     -62.8
      2.5        0.0   0.376   0.976   0.735   0.095     -64.2
      2.5       10.0   0.376   0.973   0.716   0.101     -63.9
      2.5       20.0   0.376   0.953   0.732   0.132     -62.7
      2.5       30.0   0.376   0.931   0.694   0.160     -61.9

Mejor evidencia: sigma_xy=2.5 m, sigma_tilt=30.0deg -> R2=0.931, RMSE=0.160
Posterior de sigma_xy (m): {0.3: np.float64(0.0), 0.5: np.float64(0.0), 1.0: np.float64(0.0), 1.5: np.float64(0.03), 2.0: np.float64(0.27), 2.5: np.float64(0.7)}
Posterior de sigma_tilt (deg): {0.0: np.float64(0.06), 10.0: np.float64(0.07), 20.0: np.float64(0.26), 30.0: np.float64(0.61)}

=== Posterior conjunto (marg. posicion+inclinacion)  ESS=1 ===
  c550   med=  1.492  90%CI=[  0.807,   1.496]
  omega  med=  0.921  90%CI=[  0.637,   0.922]
  eta    med=  0.732  90%CI=[  0.504,   0.742]
  dz     med=  0.158  90%CI=[  0.030,   0.529]
  a550   med=  0.118  90%CI=[  0.117,   0.288]
  b550   med=  1.371  90%CI=[  0.519,   1.389]
Figuras: attack_r2.png, attack_posterior.png
