cargadas 333 corridas | Y(333, 48, 2, 3, 81) | 81 offsets, 3 planos z
64 residuos (azul+verde, sin censura ni outlier)
modelo a nivel de punto: 32 puntos (azul+verde con posicion comun)

 sigma_xy sigma_tilt   R2fix   R2pos  R2xval    RMSE      logZ
      0.3        0.0   0.407   0.914   0.459   0.189     -83.2
      0.3       10.0   0.407   0.910   0.474   0.193     -80.3
      0.3       20.0   0.407   0.901   0.492   0.203     -74.5
      0.3       30.0   0.407   0.887   0.499   0.217     -69.2
      0.5        0.0   0.407   0.966   0.518   0.119     -64.2
      0.5       10.0   0.407   0.963   0.507   0.123     -63.5
      0.5       20.0   0.407   0.958   0.501   0.132     -61.9
      0.5       30.0   0.407   0.946   0.573   0.150     -60.3
      1.0        0.0   0.407   0.988   0.838   0.069     -45.7
      1.0       10.0   0.407   0.987   0.836   0.074     -45.6
      1.0       20.0   0.407   0.980   0.827   0.090     -45.5
      1.0       30.0   0.407   0.969   0.811   0.114     -45.4
      1.5        0.0   0.407   0.988   0.897   0.070     -41.0
      1.5       10.0   0.407   0.987   0.894   0.074     -41.1
      1.5       20.0   0.407   0.981   0.884   0.088     -41.2
      1.5       30.0   0.407   0.969   0.860   0.114     -41.4
      2.0        0.0   0.407   0.987   0.907   0.072     -39.4
      2.0       10.0   0.407   0.986   0.904   0.076     -39.5
      2.0       20.0   0.407   0.981   0.897   0.089     -39.8
      2.0       30.0   0.407   0.970   0.872   0.112     -40.1
      2.5        0.0   0.407   0.987   0.909   0.074     -38.7
      2.5       10.0   0.407   0.986   0.907   0.077     -38.8
      2.5       20.0   0.407   0.981   0.901   0.089     -39.1
      2.5       30.0   0.407   0.970   0.877   0.111     -39.6

Mejor evidencia: sigma_xy=2.5 m, sigma_tilt=0.0deg -> R2=0.987, RMSE=0.074
Posterior de sigma_xy (m): {0.3: np.float64(0.0), 0.5: np.float64(0.0), 1.0: np.float64(0.0), 1.5: np.float64(0.07), 2.0: np.float64(0.32), 2.5: np.float64(0.61)}
Posterior de sigma_tilt (deg): {0.0: np.float64(0.33), 10.0: np.float64(0.3), 20.0: np.float64(0.22), 30.0: np.float64(0.15)}

=== Posterior conjunto (marg. posicion+inclinacion)  ESS=3 ===
  c550   med=  1.369  90%CI=[  0.642,   1.496]
  omega  med=  0.767  90%CI=[  0.578,   0.922]
  eta    med=  0.723  90%CI=[  0.237,   0.741]
  dz     med=  0.168  90%CI=[  0.060,   1.611]
  a550   med=  0.260  90%CI=[  0.117,   0.490]
  b550   med=  1.047  90%CI=[  0.372,   1.388]
Figuras: attack_r2.png, attack_posterior.png
