cargadas 240 corridas | Y(240, 32, 2, 2, 81) | 81 offsets, 2 planos z
40 residuos (azul+verde, sin censura ni outlier)
modelo a nivel de punto: 20 puntos (azul+verde con posicion comun)

 sigma_xy sigma_tilt   R2fix   R2pos  R2xval    RMSE      logZ
      0.3        0.0   0.486   0.898   0.636   0.366    -184.3
      0.3       10.0   0.486   0.895   0.644   0.372    -175.9
      0.3       20.0   0.486   0.887   0.661   0.387    -158.1
      0.3       30.0   0.486   0.877   0.599   0.403    -140.6
      0.5        0.0   0.486   0.939   0.666   0.283    -131.7
      0.5       10.0   0.486   0.937   0.663   0.287    -127.4
      0.5       20.0   0.486   0.931   0.653   0.302    -118.7
      0.5       30.0   0.486   0.914   0.640   0.337    -109.1
      1.0        0.0   0.486   0.959   0.741   0.231     -94.6
      1.0       10.0   0.486   0.958   0.739   0.236     -91.8
      1.0       20.0   0.486   0.954   0.731   0.246     -86.3
      1.0       30.0   0.486   0.946   0.718   0.267     -80.8
      1.5        0.0   0.486   0.962   0.766   0.225     -88.6
      1.5       10.0   0.486   0.960   0.765   0.228     -86.1
      1.5       20.0   0.486   0.957   0.759   0.237     -81.3
      1.5       30.0   0.486   0.950   0.745   0.257     -76.1
      2.0        0.0   0.486   0.962   0.775   0.223     -86.9
      2.0       10.0   0.486   0.961   0.775   0.226     -84.6
      2.0       20.0   0.486   0.958   0.769   0.235     -79.9
      2.0       30.0   0.486   0.951   0.756   0.254     -74.8
      2.5        0.0   0.486   0.962   0.780   0.223     -86.2
      2.5       10.0   0.486   0.961   0.779   0.226     -83.9
      2.5       20.0   0.486   0.959   0.775   0.234     -79.3
      2.5       30.0   0.486   0.952   0.762   0.253     -74.2

Mejor evidencia: sigma_xy=2.5 m, sigma_tilt=30.0deg -> R2=0.952, RMSE=0.253
Posterior de sigma_xy (m): {0.3: np.float64(0.0), 0.5: np.float64(0.0), 1.0: np.float64(0.0), 1.5: np.float64(0.09), 2.0: np.float64(0.33), 2.5: np.float64(0.58)}
Posterior de sigma_tilt (deg): {0.0: np.float64(0.0), 10.0: np.float64(0.0), 20.0: np.float64(0.01), 30.0: np.float64(0.99)}

=== Posterior conjunto (marg. posicion+inclinacion)  ESS=1 ===
  c550   med=  1.285  90%CI=[  1.282,   1.294]
  omega  med=  0.507  90%CI=[  0.505,   0.508]
  eta    med= -1.069  90%CI=[ -1.093,  -1.066]
  dz     med=  0.051  90%CI=[  0.045,   0.064]
  a550   med=  0.633  90%CI=[  0.610,   0.678]
  b550   med=  0.652  90%CI=[  0.647,   0.655]
Figuras: attack_r2.png, attack_posterior.png
