\BOOKMARK [1][-]{section.1}{\376\377\000A\000l\000c\000a\000n\000c\000e\000\040\000y\000\040\000a\000r\000q\000u\000i\000t\000e\000c\000t\000u\000r\000a\000\040\000d\000e\000l\000\040\000m\000o\000d\000e\000l\000o}{}% 1
\BOOKMARK [1][-]{section.2}{\376\377\000M\000a\000r\000c\000o\000\040\000r\000a\000d\000i\000o\000m\000\351\000t\000r\000i\000c\000o\000\040\000y\000\040\000f\000o\000t\000o\000m\000\351\000t\000r\000i\000c\000o}{}% 2
\BOOKMARK [2][-]{subsection.2.1}{\376\377\000C\000o\000n\000v\000e\000r\000s\000i\000\363\000n\000\040\000a\000\040\000u\000n\000i\000d\000a\000d\000e\000s\000\040\000f\000o\000t\000o\000m\000\351\000t\000r\000i\000c\000a\000s\000\040\000y\000\040\000f\000o\000t\000o\000s\000i\000n\000t\000\351\000t\000i\000c\000a\000s}{section.2}% 3
\BOOKMARK [1][-]{section.3}{\376\377\000F\000o\000t\000o\000m\000e\000t\000r\000\355\000a\000\040\000d\000e\000\040\000l\000a\000\040\000f\000u\000e\000n\000t\000e}{}% 4
\BOOKMARK [2][-]{subsection.3.1}{\376\377\000N\000o\000r\000m\000a\000l\000i\000z\000a\000c\000i\000\363\000n\000\040\000a\000\040\000p\000o\000t\000e\000n\000c\000i\000a\000\040\000r\000a\000d\000i\000a\000n\000t\000e}{section.3}% 5
\BOOKMARK [1][-]{section.4}{\376\377\000M\000u\000e\000s\000t\000r\000e\000o\000\040\000d\000i\000r\000e\000c\000c\000i\000o\000n\000a\000l}{}% 6
\BOOKMARK [2][-]{subsection.4.1}{\376\377\000R\000o\000t\000a\000c\000i\000\363\000n\000\040\000d\000e\000\040\000l\000a\000\040\000l\000u\000m\000i\000n\000a\000r\000i\000a}{section.4}% 7
\BOOKMARK [1][-]{section.5}{\376\377\000M\000u\000e\000s\000t\000r\000e\000o\000\040\000e\000s\000p\000e\000c\000t\000r\000a\000l}{}% 8
\BOOKMARK [1][-]{section.6}{\376\377\000I\000n\000t\000e\000r\000f\000a\000z\000\040\000a\000i\000r\000e\040\023\000a\000g\000u\000a\000:\000\040\000r\000e\000f\000r\000a\000c\000c\000i\000\363\000n\000\040\000y\000\040\000F\000r\000e\000s\000n\000e\000l}{}% 9
\BOOKMARK [1][-]{section.7}{\376\377\000M\000o\000d\000e\000l\000o\000\040\000b\000i\000o\000-\000\363\000p\000t\000i\000c\000o\000\040\000d\000e\000\040\000c\000u\000a\000t\000r\000o\000\040\000c\000o\000m\000p\000o\000n\000e\000n\000t\000e\000s}{}% 10
\BOOKMARK [2][-]{subsection.7.1}{\376\377\000F\000u\000n\000d\000a\000m\000e\000n\000t\000o\000\040\000f\000\355\000s\000i\000c\000o\000\040\000d\000e\000\040\000c\000a\000d\000a\000\040\000c\000o\000m\000p\000o\000n\000e\000n\000t\000e}{section.7}% 11
\BOOKMARK [2][-]{subsection.7.2}{\376\377\000D\000e\000\040\000p\000r\000o\000p\000i\000e\000d\000a\000d\000e\000s\000\040\000i\000n\000h\000e\000r\000e\000n\000t\000e\000s\000\040\000a\000\040\000a\000p\000a\000r\000e\000n\000t\000e\000s}{section.7}% 12
\BOOKMARK [2][-]{subsection.7.3}{\376\377\000M\000o\000d\000o\000\040\000R\000A\000S\000\040\000b\000l\000o\000q\000u\000e\000a\000d\000o}{section.7}% 13
\BOOKMARK [1][-]{section.8}{\376\377\000T\000r\000a\000n\000s\000p\000o\000r\000t\000e\000\040\000r\000a\000d\000i\000a\000t\000i\000v\000o\000\040\000I\000:\000\040\000B\000e\000e\000r\040\023\000L\000a\000m\000b\000e\000r\000t}{}% 14
\BOOKMARK [1][-]{section.9}{\376\377\000T\000r\000a\000n\000s\000p\000o\000r\000t\000e\000\040\000r\000a\000d\000i\000a\000t\000i\000v\000o\000\040\000I\000I\000:\000\040\000M\000o\000n\000t\000e\000\040\000C\000a\000r\000l\000o\000\040\000c\000o\000n\000\040\000d\000i\000s\000p\000e\000r\000s\000i\000\363\000n}{}% 15
\BOOKMARK [2][-]{subsection.9.1}{\376\377\000D\000i\000s\000t\000a\000n\000c\000i\000a\000\040\000l\000i\000b\000r\000e\000\040\000y\000\040\000c\000l\000a\000s\000i\000f\000i\000c\000a\000c\000i\000\363\000n\000\040\000d\000e\000\040\000e\000v\000e\000n\000t\000o\000s}{section.9}% 16
\BOOKMARK [2][-]{subsection.9.2}{\376\377\000C\000o\000n\000t\000a\000b\000i\000l\000i\000z\000a\000c\000i\000\363\000n\000\040\000e\000n\000\040\000l\000o\000s\000\040\000p\000l\000a\000n\000o\000s\000\040\000\050\000t\000a\000l\000l\000y\000\051}{section.9}% 17
\BOOKMARK [2][-]{subsection.9.3}{\376\377\000F\000u\000n\000c\000i\000\363\000n\000\040\000d\000e\000\040\000f\000a\000s\000e\000\040\000d\000e\000\040\000H\000e\000n\000y\000e\000y\040\023\000G\000r\000e\000e\000n\000s\000t\000e\000i\000n}{section.9}% 18
\BOOKMARK [2][-]{subsection.9.4}{\376\377\000F\000u\000n\000c\000i\000\363\000n\000\040\000d\000e\000\040\000f\000a\000s\000e\000\040\000d\000e\000\040\000F\000o\000u\000r\000n\000i\000e\000r\040\023\000F\000o\000r\000a\000n\000d\000\040\000\050\000a\000l\000t\000a\000\040\000f\000i\000d\000e\000l\000i\000d\000a\000d\000\051}{section.9}% 19
\BOOKMARK [2][-]{subsection.9.5}{\376\377\000C\000o\000n\000d\000i\000c\000i\000o\000n\000e\000s\000\040\000d\000e\000\040\000f\000r\000o\000n\000t\000e\000r\000a}{section.9}% 20
\BOOKMARK [2][-]{subsection.9.6}{\376\377\000T\000e\000r\000m\000i\000n\000a\000c\000i\000\363\000n\000\040\000i\000n\000s\000e\000s\000g\000a\000d\000a\000:\000\040\000r\000u\000l\000e\000t\000a\000\040\000r\000u\000s\000a}{section.9}% 21
\BOOKMARK [1][-]{section.10}{\376\377\000A\000g\000r\000e\000g\000a\000c\000i\000\363\000n\000\040\000e\000s\000p\000a\000c\000i\000a\000l\000\040\000y\000\040\000s\000a\000l\000i\000d\000a}{}% 22
\BOOKMARK [1][-]{section.11}{\376\377\000C\000a\000l\000i\000d\000a\000d\000\040\000d\000e\000\040\000l\000a\000\040\000l\000u\000z\000:\000\040\000\341\000n\000g\000u\000l\000o\000\040\000d\000e\000\040\000m\000a\000t\000i\000z}{}% 23
\BOOKMARK [1][-]{section.12}{\376\377\000P\000r\000o\000f\000u\000n\000d\000i\000d\000a\000d\000\040\000d\000e\000\040\000S\000e\000c\000c\000h\000i\000\040\000e\000q\000u\000i\000v\000a\000l\000e\000n\000t\000e}{}% 24
\BOOKMARK [2][-]{subsection.12.1}{\376\377\000M\000o\000d\000e\000l\000o\000\040\000a\000c\000o\000p\000l\000a\000d\000o\000\040\000d\000e\000\040\000P\000r\000e\000i\000s\000e\000n\000d\000o\000r\000f\000e\000r}{section.12}% 25
\BOOKMARK [2][-]{subsection.12.2}{\376\377\000E\000s\000t\000i\000m\000a\000c\000i\000\363\000n\000\040\000c\000r\000u\000z\000a\000d\000a\000\040\000c\000u\000a\000n\000d\000o\000\040\000f\000a\000l\000t\000a\000\040\000u\000n\000\040\000c\000o\000e\000f\000i\000c\000i\000e\000n\000t\000e}{section.12}% 26
\BOOKMARK [2][-]{subsection.12.3}{\376\377\000T\000e\000o\000r\000\355\000a\000\040\000r\000e\000v\000i\000s\000a\000d\000a\000\040\000d\000e\000\040\000L\000e\000e\000\040\000e\000t\000\040\000a\000l\000.\000\040\000\050\0002\0000\0001\0005\000\051}{section.12}% 27
\BOOKMARK [1][-]{section.13}{\376\377\000P\000r\000e\000s\000e\000t\000s\000\040\000b\000i\000o\000-\000\363\000p\000t\000i\000c\000o\000s\000\040\000d\000e\000s\000d\000e\000\040\000t\000e\000l\000e\000d\000e\000t\000e\000c\000c\000i\000\363\000n}{}% 28
\BOOKMARK [2][-]{subsection.13.1}{\376\377\000I\000n\000g\000e\000s\000t\000a\000\040\000y\000\040\000c\000o\000n\000v\000e\000r\000s\000i\000o\000n\000e\000s\000\040\000p\000r\000o\000x\000y}{section.13}% 29
\BOOKMARK [2][-]{subsection.13.2}{\376\377\000E\000s\000t\000i\000m\000a\000d\000o\000r\000\040\000b\000i\000o\000-\000\363\000p\000t\000i\000c\000o\000\040\000d\000e\000\040\000K\000d\000,\0004\0009\0000}{section.13}% 30
\BOOKMARK [2][-]{subsection.13.3}{\376\377\000A\000g\000r\000e\000g\000a\000c\000i\000\363\000n\000\040\000p\000o\000r\000\040\000e\000s\000c\000e\000n\000a\000r\000i\000o\000\040\000y\000\040\000c\000u\000a\000n\000t\000i\000l\000e\000s}{section.13}% 31
\BOOKMARK [2][-]{subsection.13.4}{\376\377\000C\000l\000i\000m\000a\000t\000o\000l\000o\000g\000\355\000a\000\040\000e\000s\000t\000a\000c\000i\000o\000n\000a\000l\000\040\000p\000o\000r\000\040\000s\000e\000m\000a\000n\000a\000\040\000I\000S\000O}{section.13}% 32
\BOOKMARK [2][-]{subsection.13.5}{\376\377\000C\000u\000a\000n\000t\000i\000f\000i\000c\000a\000c\000i\000\363\000n\000\040\000d\000e\000\040\000l\000a\000\040\000c\000o\000n\000f\000i\000a\000n\000z\000a}{section.13}% 33
\BOOKMARK [2][-]{subsection.13.6}{\376\377\000C\000o\000n\000e\000c\000t\000o\000r\000e\000s\000\040\000s\000a\000t\000e\000l\000i\000t\000a\000l\000e\000s}{section.13}% 34
\BOOKMARK [1][-]{section.14}{\376\377\000A\000n\000\341\000l\000i\000s\000i\000s\000\040\000d\000e\000\040\000s\000e\000n\000s\000i\000b\000i\000l\000i\000d\000a\000d\000\040\000d\000e\000\040\000l\000a\000s\000\040\000f\000u\000e\000n\000t\000e\000s\000\040\000d\000e\000\040\000i\000n\000c\000e\000r\000t\000i\000d\000u\000m\000b\000r\000e}{}% 35
\BOOKMARK [2][-]{subsection.14.1}{\376\377\000L\000o\000c\000a\000l\000\040\000f\000r\000e\000n\000t\000e\000\040\000a\000\040\000g\000l\000o\000b\000a\000l\000;\000\040\000l\000a\000\040\000t\000r\000a\000m\000p\000a\000\040\000d\000e\000l\000\040\000O\000A\000T}{section.14}% 36
\BOOKMARK [2][-]{subsection.14.2}{\376\377\000D\000e\000s\000c\000o\000m\000p\000o\000s\000i\000c\000i\000\363\000n\000\040\000d\000e\000\040\000v\000a\000r\000i\000a\000n\000z\000a\000\040\000\050\000S\000o\000b\000o\000l\000\040\000/\000\040\000A\000N\000O\000V\000A\040\023\000H\000D\000M\000R\000\051}{section.14}% 37
\BOOKMARK [2][-]{subsection.14.3}{\376\377\000P\000o\000r\000\040\000q\000u\000\351\000\040\000s\000e\000\040\000m\000u\000e\000s\000t\000r\000e\000a\000n\000\040\000d\000e\000r\000i\000v\000a\000d\000a\000s\000\040\000d\000e\000l\000\040\000m\000o\000d\000e\000l\000o}{section.14}% 38
\BOOKMARK [2][-]{subsection.14.4}{\376\377\000M\000\351\000t\000o\000d\000o\000\040\000d\000e\000\040\000M\000o\000r\000r\000i\000s\000\040\000\050\000e\000f\000e\000c\000t\000o\000s\000\040\000e\000l\000e\000m\000e\000n\000t\000a\000l\000e\000s\000\051}{section.14}% 39
\BOOKMARK [2][-]{subsection.14.5}{\376\377\000P\000o\000r\000\040\000q\000u\000\351\000\040\000M\000o\000r\000r\000i\000s\000\040\000e\000n\000\040\000e\000s\000t\000e\000\040\000p\000r\000o\000b\000l\000e\000m\000a}{section.14}% 40
\BOOKMARK [1][-]{section.15}{\376\377\000C\000a\000l\000i\000b\000r\000a\000c\000i\000\363\000n\000\040\000b\000a\000y\000e\000s\000i\000a\000n\000a\000\040\000d\000e\000\040\000l\000o\000s\000\040\000p\000a\000r\000\341\000m\000e\000t\000r\000o\000s\000\040\000b\000i\000o\000-\000\363\000p\000t\000i\000c\000o\000s}{}% 41
\BOOKMARK [2][-]{subsection.15.1}{\376\377\000P\000o\000r\000\040\000q\000u\000\351\000\040\000e\000l\000\040\000m\000a\000r\000c\000o\000\040\000b\000a\000y\000e\000s\000i\000a\000n\000o\000\040\000e\000n\000c\000a\000j\000a\000\040\000e\000s\000t\000e\000\040\000p\000r\000o\000b\000l\000e\000m\000a}{section.15}% 42
\BOOKMARK [2][-]{subsection.15.2}{\376\377\000F\000u\000n\000d\000a\000m\000e\000n\000t\000o\000s}{section.15}% 43
\BOOKMARK [2][-]{subsection.15.3}{\376\377\000M\000o\000d\000e\000l\000o\000\040\000d\000e\000\040\000o\000b\000s\000e\000r\000v\000a\000c\000i\000\363\000n}{section.15}% 44
\BOOKMARK [2][-]{subsection.15.4}{\376\377\000M\000a\000r\000g\000i\000n\000a\000l\000i\000z\000a\000c\000i\000\363\000n\000\040\000d\000e\000\040\000l\000a\000\040\000p\000o\000s\000i\000c\000i\000\363\000n\000\040\000\050\000s\000u\000m\000a\000\040\000g\000a\000u\000s\000s\000i\000a\000n\000a\000\051}{section.15}% 45
\BOOKMARK [2][-]{subsection.15.5}{\376\377\000C\000\363\000m\000p\000u\000t\000o\000:\000\040\000i\000m\000p\000o\000r\000t\000a\000n\000c\000i\000a\000,\000\040\000E\000S\000S\000\040\000y\000\040\000b\000a\000l\000a\000n\000c\000e\000\040\000h\000e\000u\000r\000i\000s\000t\000i\000c\000\040\000d\000e\000\040\000V\000e\000a\000c\000h}{section.15}% 46
\BOOKMARK [2][-]{subsection.15.6}{\376\377\000S\000e\000l\000e\000c\000c\000i\000\363\000n\000\040\000d\000e\000\040\000m\000o\000d\000e\000l\000o\000\040\000p\000o\000r\000\040\000e\000v\000i\000d\000e\000n\000c\000i\000a}{section.15}% 47
\BOOKMARK [1][-]{section.16}{\376\377\000A\000p\000l\000i\000c\000a\000c\000i\000\363\000n\000\040\000y\000\040\000r\000e\000s\000u\000l\000t\000a\000d\000o\000s\000:\000\040\000P\000u\000n\000t\000a\000\040\000I\000g\000l\000e\000s\000i\000a}{}% 48
\BOOKMARK [2][-]{subsection.16.1}{\376\377\000D\000a\000t\000o\000s}{section.16}% 49
\BOOKMARK [2][-]{subsection.16.2}{\376\377\000S\000e\000n\000s\000i\000b\000i\000l\000i\000d\000a\000d\000\040\000y\000\040\000a\000p\000a\000r\000i\000c\000i\000\363\000n\000\040\000d\000e\000l\000\040\000p\000i\000s\000o\000\040\000d\000e\000\040\000d\000e\000s\000a\000j\000u\000s\000t\000e}{section.16}% 50
\BOOKMARK [2][-]{subsection.16.3}{\376\377\000E\000l\000\040\000p\000i\000s\000o\000\040\000e\000s\000\040\000l\000a\000\040\000p\000o\000s\000i\000c\000i\000\363\000n\000\040\000d\000e\000l\000\040\000s\000e\000n\000s\000o\000r}{section.16}% 51
\BOOKMARK [2][-]{subsection.16.4}{\376\377\000P\000a\000r\000\341\000m\000e\000t\000r\000o\000s\000\040\000f\000i\000n\000a\000l\000e\000s\000\040\000y\000\040\000e\000s\000t\000i\000m\000a\000c\000i\000\363\000n\000\040\000a\000l\000t\000e\000r\000n\000a\000t\000i\000v\000a}{section.16}% 52
\BOOKMARK [1][-]{section.17}{\376\377\000S\000u\000p\000u\000e\000s\000t\000o\000s\000\040\000y\000\040\000l\000\355\000m\000i\000t\000e\000s\000\040\000d\000e\000\040\000v\000a\000l\000i\000d\000e\000z}{}% 53
\BOOKMARK [1][-]{section.18}{\376\377\000N\000o\000m\000e\000n\000c\000l\000a\000t\000u\000r\000a}{}% 54
\BOOKMARK [1][-]{section*.13}{\376\377\000R\000e\000f\000e\000r\000e\000n\000c\000i\000a\000s}{}% 55
